social.are
olc.hlp
group.are
help.are
calinth.are
camelot1.are
avalonch.are
sywilm.are
immort.are
ofcol2.are
shire.are
midgaard.are
plains.are
air.are
astral.are
catacomb.are
chapel.are
daycare.are
dream.are
drow.are
thalos.are
dwarven.are
dylan.are
eastern.are
galaxy.are
grave.are
evilabode.are
hitower.are
hood.are
limbo.are
mahntor.are
marsh.are
midennir.are
moria.are
newthalos.are
nirvana.are
ofcol.are
pyramid.are
quifael.are
sewer.are
school.are
ciquala2.are
tohell.are
trollden.are
valley.are
wyvern.are
arkham.are
aswamp.are
legion.are
forest.are
dying.are
skills.are
carnival.are
dale.are
mythforest.are
mythruins.are
beholder.are
enclave.are
rakshasa.are
bluetwr.are
greentwr.are
redtwr.are
trolls.are
giant.are
tower.are
obsidian.are
emerald.are
mausoleum.are
tarvalon.are
prison.are
entropy.are
justice.are
masters.are
shadcave.are
knightcastle.are
ragervillage.are
coliseum.are
naiadia.are
rivenroc.are
cot.are
strmansion3.are
pitofdespair2.are
dargaard.are
neraka.are
hell.are
madman.are
celestial2.are
battlefield.are
swamps.are
elementemp.are
empire.are
lich.are
blight.are
darkforest.are
under2.are
forge.are
sylvangrove.are
ramadahn.are
muse.are
valinor.are
village.are
trainyard.are
naiadsea.are
minamaze.are
stronghold.are
fallen.are
monolith.are
urtazi.are
calasa.are
liriel.are
hometown.are
nightfall.are
area0.are
ceial.are
$
